../Core/Src/main.c:72:6:pavza	16	static,ignoring_inline_asm
../Core/Src/main.c:79:9:spi1_beriRegister	32	static
../Core/Src/main.c:95:6:spi1_pisiRegister	24	static
../Core/Src/main.c:109:6:spi1_beriRegistre	16	static
../Core/Src/main.c:121:9:i2c1_pisiRegister	32	static
../Core/Src/main.c:127:6:i2c1_beriRegistre	32	static
../Core/Src/main.c:135:6:initLSM303DLHC	8	static
../Core/Src/main.c:166:5:main	344	static
../Core/Src/main.c:253:6:SystemClock_Config	128	static
../Core/Src/main.c:304:13:MX_I2C1_Init	8	static
../Core/Src/main.c:352:13:MX_SPI1_Init	8	static
../Core/Src/main.c:392:13:MX_USART2_UART_Init	8	static
../Core/Src/main.c:427:13:MX_GPIO_Init	48	static
../Core/Src/main.c:491:6:Error_Handler	4	static,ignoring_inline_asm
